/home/getpetco/Inwently/biller_apps/admin_report/serializers/response/get_all.py: Warning [validator > EmployeeAdminReportDataSerializer > EmployeeAdminReportGetAllSerializer > EmployeeAdminReportDataSerializer]: Encountered 2 components with identical names "EmployeeAdminReportData" and different identities <class 'biller_apps.admin_report.serializers.response.get_all.EmployeeAdminReportDataSerializer'> and <class 'biller_apps.admin_report.serializers.response.get_all.EmployeeAdminReportDataSerializer'>. This will very likely result in an incorrect schema. Try renaming one.
/home/getpetco/Inwently/biller_apps/general_report/serializers/response/get_all.py: Warning [validator > PurchaseReportDataSerializer > PurchaseReportGetAllSerializer > PurchaseReportDataSerializer]: Encountered 2 components with identical names "PurchaseReportData" and different identities <class 'biller_apps.general_report.serializers.response.get_all.PurchaseReportDataSerializer'> and <class 'biller_apps.general_report.serializers.response.get_all.PurchaseReportDataSerializer'>. This will very likely result in an incorrect schema. Try renaming one.
/home/getpetco/Inwently/biller_apps/general_report/serializers/response/get_all.py: Warning [validator > QuotationReportDataSerializer > QuotationReportGetAllSerializer > QuotationReportDataSerializer]: Encountered 2 components with identical names "QuotationReportData" and different identities <class 'biller_apps.general_report.serializers.response.get_all.QuotationReportDataSerializer'> and <class 'biller_apps.general_report.serializers.response.get_all.QuotationReportDataSerializer'>. This will very likely result in an incorrect schema. Try renaming one.
/home/getpetco/Inwently/biller_apps/common/serializer_validations.py: Warning [validator]: could not resolve request body for PATCH /organisation/delete_many/. Defaulting to generic free-form object. (Maybe annotate a Serializer class?)
/home/getpetco/Inwently/biller_apps/overview_report/serializers/response/get_all.py: Warning [validator > ItemOverviewReportDataSerializer > ItemOverviewReportGetAllSerializer > ItemOverviewReportDataSerializer]: Encountered 2 components with identical names "ItemOverviewReportData" and different identities <class 'biller_apps.overview_report.serializers.response.get_all.ItemOverviewReportDataSerializer'> and <class 'biller_apps.overview_report.serializers.response.get_all.ItemOverviewReportDataSerializer'>. This will very likely result in an incorrect schema. Try renaming one.
/home/getpetco/Inwently/biller_apps/overview_report/serializers/response/get_all.py: Warning [validator > CustomerOverviewReportDataSerializer > CustomerOverviewReportGetAllSerializer > CustomerOverviewReportDataSerializer]: Encountered 2 components with identical names "CustomerOverviewReportData" and different identities <class 'biller_apps.overview_report.serializers.response.get_all.CustomerOverviewReportDataSerializer'> and <class 'biller_apps.overview_report.serializers.response.get_all.CustomerOverviewReportDataSerializer'>. This will very likely result in an incorrect schema. Try renaming one.
/home/getpetco/Inwently/biller_apps/overview_report/serializers/response/get_all.py: Warning [validator > SupplierOverviewReportDataSerializer > SupplierOverviewReportGetAllSerializer > SupplierOverviewReportDataSerializer]: Encountered 2 components with identical names "SupplierOverviewReportData" and different identities <class 'biller_apps.overview_report.serializers.response.get_all.SupplierOverviewReportDataSerializer'> and <class 'biller_apps.overview_report.serializers.response.get_all.SupplierOverviewReportDataSerializer'>. This will very likely result in an incorrect schema. Try renaming one.
/home/getpetco/Inwently/biller_apps/stock_transfer/serializers/response/get_all.py: Warning [validator > StockTransferGetDataSerializer > StockTransferDataSerializer > StockTransferGetAllSerializer > StockTransferDataSerializer]: Encountered 2 components with identical names "StockTransferData" and different identities <class 'biller_apps.stock_transfer.serializers.response.get_all.StockTransferDataSerializer'> and <class 'biller_apps.stock_transfer.serializers.response.get_all.StockTransferDataSerializer'>. This will very likely result in an incorrect schema. Try renaming one.
/home/getpetco/Inwently/biller_apps/admin_report/serializers/response/get_all.py: Warning [validator > EmployeeAdminReportDataSerializer > EmployeeAdminReportGetAllSerializer > EmployeeAdminReportDataSerializer]: Encountered 2 components with identical names "EmployeeAdminReportData" and different identities <class 'biller_apps.admin_report.serializers.response.get_all.EmployeeAdminReportDataSerializer'> and <class 'biller_apps.admin_report.serializers.response.get_all.EmployeeAdminReportDataSerializer'>. This will very likely result in an incorrect schema. Try renaming one.
/home/getpetco/Inwently/biller_apps/general_report/serializers/response/get_all.py: Warning [validator > PurchaseReportDataSerializer > PurchaseReportGetAllSerializer > PurchaseReportDataSerializer]: Encountered 2 components with identical names "PurchaseReportData" and different identities <class 'biller_apps.general_report.serializers.response.get_all.PurchaseReportDataSerializer'> and <class 'biller_apps.general_report.serializers.response.get_all.PurchaseReportDataSerializer'>. This will very likely result in an incorrect schema. Try renaming one.
/home/getpetco/Inwently/biller_apps/general_report/serializers/response/get_all.py: Warning [validator > QuotationReportDataSerializer > QuotationReportGetAllSerializer > QuotationReportDataSerializer]: Encountered 2 components with identical names "QuotationReportData" and different identities <class 'biller_apps.general_report.serializers.response.get_all.QuotationReportDataSerializer'> and <class 'biller_apps.general_report.serializers.response.get_all.QuotationReportDataSerializer'>. This will very likely result in an incorrect schema. Try renaming one.
/home/getpetco/Inwently/biller_apps/common/serializer_validations.py: Warning [validator]: could not resolve request body for PATCH /organisation/delete_many/. Defaulting to generic free-form object. (Maybe annotate a Serializer class?)
/home/getpetco/Inwently/biller_apps/overview_report/serializers/response/get_all.py: Warning [validator > ItemOverviewReportDataSerializer > ItemOverviewReportGetAllSerializer > ItemOverviewReportDataSerializer]: Encountered 2 components with identical names "ItemOverviewReportData" and different identities <class 'biller_apps.overview_report.serializers.response.get_all.ItemOverviewReportDataSerializer'> and <class 'biller_apps.overview_report.serializers.response.get_all.ItemOverviewReportDataSerializer'>. This will very likely result in an incorrect schema. Try renaming one.
/home/getpetco/Inwently/biller_apps/overview_report/serializers/response/get_all.py: Warning [validator > CustomerOverviewReportDataSerializer > CustomerOverviewReportGetAllSerializer > CustomerOverviewReportDataSerializer]: Encountered 2 components with identical names "CustomerOverviewReportData" and different identities <class 'biller_apps.overview_report.serializers.response.get_all.CustomerOverviewReportDataSerializer'> and <class 'biller_apps.overview_report.serializers.response.get_all.CustomerOverviewReportDataSerializer'>. This will very likely result in an incorrect schema. Try renaming one.
/home/getpetco/Inwently/biller_apps/overview_report/serializers/response/get_all.py: Warning [validator > SupplierOverviewReportDataSerializer > SupplierOverviewReportGetAllSerializer > SupplierOverviewReportDataSerializer]: Encountered 2 components with identical names "SupplierOverviewReportData" and different identities <class 'biller_apps.overview_report.serializers.response.get_all.SupplierOverviewReportDataSerializer'> and <class 'biller_apps.overview_report.serializers.response.get_all.SupplierOverviewReportDataSerializer'>. This will very likely result in an incorrect schema. Try renaming one.
/home/getpetco/Inwently/biller_apps/stock_transfer/serializers/response/get_all.py: Warning [validator > StockTransferGetDataSerializer > StockTransferDataSerializer > StockTransferGetAllSerializer > StockTransferDataSerializer]: Encountered 2 components with identical names "StockTransferData" and different identities <class 'biller_apps.stock_transfer.serializers.response.get_all.StockTransferDataSerializer'> and <class 'biller_apps.stock_transfer.serializers.response.get_all.StockTransferDataSerializer'>. This will very likely result in an incorrect schema. Try renaming one.
/home/getpetco/Inwently/biller_apps/admin_report/serializers/response/get_all.py: Warning [validator > EmployeeAdminReportDataSerializer > EmployeeAdminReportGetAllSerializer > EmployeeAdminReportDataSerializer]: Encountered 2 components with identical names "EmployeeAdminReportData" and different identities <class 'biller_apps.admin_report.serializers.response.get_all.EmployeeAdminReportDataSerializer'> and <class 'biller_apps.admin_report.serializers.response.get_all.EmployeeAdminReportDataSerializer'>. This will very likely result in an incorrect schema. Try renaming one.
/home/getpetco/Inwently/biller_apps/general_report/serializers/response/get_all.py: Warning [validator > PurchaseReportDataSerializer > PurchaseReportGetAllSerializer > PurchaseReportDataSerializer]: Encountered 2 components with identical names "PurchaseReportData" and different identities <class 'biller_apps.general_report.serializers.response.get_all.PurchaseReportDataSerializer'> and <class 'biller_apps.general_report.serializers.response.get_all.PurchaseReportDataSerializer'>. This will very likely result in an incorrect schema. Try renaming one.
/home/getpetco/Inwently/biller_apps/general_report/serializers/response/get_all.py: Warning [validator > QuotationReportDataSerializer > QuotationReportGetAllSerializer > QuotationReportDataSerializer]: Encountered 2 components with identical names "QuotationReportData" and different identities <class 'biller_apps.general_report.serializers.response.get_all.QuotationReportDataSerializer'> and <class 'biller_apps.general_report.serializers.response.get_all.QuotationReportDataSerializer'>. This will very likely result in an incorrect schema. Try renaming one.
/home/getpetco/Inwently/biller_apps/common/serializer_validations.py: Warning [validator]: could not resolve request body for PATCH /organisation/delete_many/. Defaulting to generic free-form object. (Maybe annotate a Serializer class?)
/home/getpetco/Inwently/biller_apps/overview_report/serializers/response/get_all.py: Warning [validator > ItemOverviewReportDataSerializer > ItemOverviewReportGetAllSerializer > ItemOverviewReportDataSerializer]: Encountered 2 components with identical names "ItemOverviewReportData" and different identities <class 'biller_apps.overview_report.serializers.response.get_all.ItemOverviewReportDataSerializer'> and <class 'biller_apps.overview_report.serializers.response.get_all.ItemOverviewReportDataSerializer'>. This will very likely result in an incorrect schema. Try renaming one.
/home/getpetco/Inwently/biller_apps/overview_report/serializers/response/get_all.py: Warning [validator > CustomerOverviewReportDataSerializer > CustomerOverviewReportGetAllSerializer > CustomerOverviewReportDataSerializer]: Encountered 2 components with identical names "CustomerOverviewReportData" and different identities <class 'biller_apps.overview_report.serializers.response.get_all.CustomerOverviewReportDataSerializer'> and <class 'biller_apps.overview_report.serializers.response.get_all.CustomerOverviewReportDataSerializer'>. This will very likely result in an incorrect schema. Try renaming one.
/home/getpetco/Inwently/biller_apps/overview_report/serializers/response/get_all.py: Warning [validator > SupplierOverviewReportDataSerializer > SupplierOverviewReportGetAllSerializer > SupplierOverviewReportDataSerializer]: Encountered 2 components with identical names "SupplierOverviewReportData" and different identities <class 'biller_apps.overview_report.serializers.response.get_all.SupplierOverviewReportDataSerializer'> and <class 'biller_apps.overview_report.serializers.response.get_all.SupplierOverviewReportDataSerializer'>. This will very likely result in an incorrect schema. Try renaming one.
/home/getpetco/Inwently/biller_apps/stock_transfer/serializers/response/get_all.py: Warning [validator > StockTransferGetDataSerializer > StockTransferDataSerializer > StockTransferGetAllSerializer > StockTransferDataSerializer]: Encountered 2 components with identical names "StockTransferData" and different identities <class 'biller_apps.stock_transfer.serializers.response.get_all.StockTransferDataSerializer'> and <class 'biller_apps.stock_transfer.serializers.response.get_all.StockTransferDataSerializer'>. This will very likely result in an incorrect schema. Try renaming one.
OpenBLAS blas_thread_init: pthread_create failed for thread 44 of 56: Resource temporarily unavailable
OpenBLAS blas_thread_init: ensure that your address space and process count limits are big enough (ulimit -a)
OpenBLAS blas_thread_init: or set a smaller OPENBLAS_NUM_THREADS to fit into what you have available
OpenBLAS blas_thread_init: RLIMIT_NPROC 2400 current, 25000000 max
OpenBLAS blas_thread_init: pthread_create failed for thread 45 of 56: Resource temporarily unavailable
OpenBLAS blas_thread_init: ensure that your address space and process count limits are big enough (ulimit -a)
OpenBLAS blas_thread_init: or set a smaller OPENBLAS_NUM_THREADS to fit into what you have available
OpenBLAS blas_thread_init: RLIMIT_NPROC 2400 current, 25000000 max
OpenBLAS blas_thread_init: pthread_create failed for thread 46 of 56: Resource temporarily unavailable
OpenBLAS blas_thread_init: ensure that your address space and process count limits are big enough (ulimit -a)
OpenBLAS blas_thread_init: or set a smaller OPENBLAS_NUM_THREADS to fit into what you have available
OpenBLAS blas_thread_init: RLIMIT_NPROC 2400 current, 25000000 max
OpenBLAS blas_thread_init: pthread_create failed for thread 47 of 56: Resource temporarily unavailable
OpenBLAS blas_thread_init: ensure that your address space and process count limits are big enough (ulimit -a)
OpenBLAS blas_thread_init: or set a smaller OPENBLAS_NUM_THREADS to fit into what you have available
OpenBLAS blas_thread_init: RLIMIT_NPROC 2400 current, 25000000 max
OpenBLAS blas_thread_init: pthread_create failed for thread 48 of 56: Resource temporarily unavailable
OpenBLAS blas_thread_init: ensure that your address space and process count limits are big enough (ulimit -a)
OpenBLAS blas_thread_init: or set a smaller OPENBLAS_NUM_THREADS to fit into what you have available
OpenBLAS blas_thread_init: RLIMIT_NPROC 2400 current, 25000000 max
OpenBLAS blas_thread_init: pthread_create failed for thread 49 of 56: Resource temporarily unavailable
OpenBLAS blas_thread_init: ensure that your address space and process count limits are big enough (ulimit -a)
OpenBLAS blas_thread_init: or set a smaller OPENBLAS_NUM_THREADS to fit into what you have available
OpenBLAS blas_thread_init: RLIMIT_NPROC 2400 current, 25000000 max
OpenBLAS blas_thread_init: pthread_create failed for thread 50 of 56: Resource temporarily unavailable
OpenBLAS blas_thread_init: ensure that your address space and process count limits are big enough (ulimit -a)
OpenBLAS blas_thread_init: or set a smaller OPENBLAS_NUM_THREADS to fit into what you have available
OpenBLAS blas_thread_init: RLIMIT_NPROC 2400 current, 25000000 max
OpenBLAS blas_thread_init: pthread_create failed for thread 51 of 56: Resource temporarily unavailable
OpenBLAS blas_thread_init: ensure that your address space and process count limits are big enough (ulimit -a)
OpenBLAS blas_thread_init: or set a smaller OPENBLAS_NUM_THREADS to fit into what you have available
OpenBLAS blas_thread_init: RLIMIT_NPROC 2400 current, 25000000 max
OpenBLAS blas_thread_init: pthread_create failed for thread 52 of 56: Resource temporarily unavailable
OpenBLAS blas_thread_init: ensure that your address space and process count limits are big enough (ulimit -a)
OpenBLAS blas_thread_init: or set a smaller OPENBLAS_NUM_THREADS to fit into what you have available
OpenBLAS blas_thread_init: RLIMIT_NPROC 2400 current, 25000000 max
OpenBLAS blas_thread_init: pthread_create failed for thread 53 of 56: Resource temporarily unavailable
OpenBLAS blas_thread_init: ensure that your address space and process count limits are big enough (ulimit -a)
OpenBLAS blas_thread_init: or set a smaller OPENBLAS_NUM_THREADS to fit into what you have available
OpenBLAS blas_thread_init: RLIMIT_NPROC 2400 current, 25000000 max
OpenBLAS blas_thread_init: pthread_create failed for thread 54 of 56: Resource temporarily unavailable
OpenBLAS blas_thread_init: ensure that your address space and process count limits are big enough (ulimit -a)
OpenBLAS blas_thread_init: or set a smaller OPENBLAS_NUM_THREADS to fit into what you have available
OpenBLAS blas_thread_init: RLIMIT_NPROC 2400 current, 25000000 max
OpenBLAS blas_thread_init: pthread_create failed for thread 55 of 56: Resource temporarily unavailable
OpenBLAS blas_thread_init: ensure that your address space and process count limits are big enough (ulimit -a)
OpenBLAS blas_thread_init: or set a smaller OPENBLAS_NUM_THREADS to fit into what you have available
OpenBLAS blas_thread_init: RLIMIT_NPROC 2400 current, 25000000 max
Traceback (most recent call last):
  File "/home/getpetco/Inwently/passenger_wsgi.py", line 1, in <module>
    from biller.wsgi import application
  File "/home/getpetco/Inwently/biller/wsgi.py", line 16, in <module>
    application = get_wsgi_application()
                  ^^^^^^^^^^^^^^^^^^^^^^
  File "/home/getpetco/virtualenv/Inwently/3.12/lib/python3.12/site-packages/django/core/wsgi.py", line 13, in get_wsgi_application
    return WSGIHandler()
           ^^^^^^^^^^^^^
  File "/home/getpetco/virtualenv/Inwently/3.12/lib/python3.12/site-packages/django/core/handlers/wsgi.py", line 118, in __init__
    self.load_middleware()
  File "/home/getpetco/virtualenv/Inwently/3.12/lib/python3.12/site-packages/django/core/handlers/base.py", line 40, in load_middleware
    middleware = import_string(middleware_path)
                 ^^^^^^^^^^^^^^^^^^^^^^^^^^^^^^
  File "/home/getpetco/virtualenv/Inwently/3.12/lib/python3.12/site-packages/django/utils/module_loading.py", line 30, in import_string
    return cached_import(module_path, class_name)
           ^^^^^^^^^^^^^^^^^^^^^^^^^^^^^^^^^^^^^^
  File "/home/getpetco/virtualenv/Inwently/3.12/lib/python3.12/site-packages/django/utils/module_loading.py", line 15, in cached_import
    module = import_module(module_path)
             ^^^^^^^^^^^^^^^^^^^^^^^^^^
  File "/opt/alt/python312/lib64/python3.12/importlib/__init__.py", line 90, in import_module
    return _bootstrap._gcd_import(name[level:], package, level)
           ^^^^^^^^^^^^^^^^^^^^^^^^^^^^^^^^^^^^^^^^^^^^^^^^^^^^
  File "/home/getpetco/Inwently/biller_apps/auth/middleware.py", line 13, in <module>
    from biller_apps.auth.utils import AuthUtils
  File "/home/getpetco/Inwently/biller_apps/auth/utils.py", line 3, in <module>
    import pandas
  File "/home/getpetco/virtualenv/Inwently/3.12/lib64/python3.12/site-packages/pandas/__init__.py", line 14, in <module>
    __import__(_dependency)
  File "/home/getpetco/virtualenv/Inwently/3.12/lib64/python3.12/site-packages/numpy/__init__.py", line 112, in <module>
    from numpy.__config__ import show_config
  File "/home/getpetco/virtualenv/Inwently/3.12/lib64/python3.12/site-packages/numpy/__config__.py", line 4, in <module>
    from numpy._core._multiarray_umath import (
  File "/home/getpetco/virtualenv/Inwently/3.12/lib64/python3.12/site-packages/numpy/_core/__init__.py", line 22, in <module>
    from . import multiarray
  File "/home/getpetco/virtualenv/Inwently/3.12/lib64/python3.12/site-packages/numpy/_core/multiarray.py", line 11, in <module>
    from . import _multiarray_umath, overrides
  File "<frozen importlib._bootstrap>", line 1349, in _find_and_load
KeyboardInterrupt
OpenBLAS blas_thread_init: pthread_create failed for thread 20 of 56: Resource temporarily unavailable
OpenBLAS blas_thread_init: ensure that your address space and process count limits are big enough (ulimit -a)
OpenBLAS blas_thread_init: or set a smaller OPENBLAS_NUM_THREADS to fit into what you have available
OpenBLAS blas_thread_init: RLIMIT_NPROC 2400 current, 25000000 max
OpenBLAS blas_thread_init: pthread_create failed for thread 21 of 56: Resource temporarily unavailable
OpenBLAS blas_thread_init: ensure that your address space and process count limits are big enough (ulimit -a)
OpenBLAS blas_thread_init: or set a smaller OPENBLAS_NUM_THREADS to fit into what you have available
OpenBLAS blas_thread_init: RLIMIT_NPROC 2400 current, 25000000 max
OpenBLAS blas_thread_init: pthread_create failed for thread 22 of 56: Resource temporarily unavailable
OpenBLAS blas_thread_init: ensure that your address space and process count limits are big enough (ulimit -a)
OpenBLAS blas_thread_init: or set a smaller OPENBLAS_NUM_THREADS to fit into what you have available
OpenBLAS blas_thread_init: RLIMIT_NPROC 2400 current, 25000000 max
OpenBLAS blas_thread_init: pthread_create failed for thread 23 of 56: Resource temporarily unavailable
OpenBLAS blas_thread_init: ensure that your address space and process count limits are big enough (ulimit -a)
OpenBLAS blas_thread_init: or set a smaller OPENBLAS_NUM_THREADS to fit into what you have available
OpenBLAS blas_thread_init: RLIMIT_NPROC 2400 current, 25000000 max
OpenBLAS blas_thread_init: pthread_create failed for thread 24 of 56: Resource temporarily unavailable
OpenBLAS blas_thread_init: ensure that your address space and process count limits are big enough (ulimit -a)
OpenBLAS blas_thread_init: or set a smaller OPENBLAS_NUM_THREADS to fit into what you have available
OpenBLAS blas_thread_init: RLIMIT_NPROC 2400 current, 25000000 max
OpenBLAS blas_thread_init: pthread_create failed for thread 25 of 56: Resource temporarily unavailable
OpenBLAS blas_thread_init: ensure that your address space and process count limits are big enough (ulimit -a)
OpenBLAS blas_thread_init: or set a smaller OPENBLAS_NUM_THREADS to fit into what you have available
OpenBLAS blas_thread_init: RLIMIT_NPROC 2400 current, 25000000 max
OpenBLAS blas_thread_init: pthread_create failed for thread 26 of 56: Resource temporarily unavailable
OpenBLAS blas_thread_init: ensure that your address space and process count limits are big enough (ulimit -a)
OpenBLAS blas_thread_init: or set a smaller OPENBLAS_NUM_THREADS to fit into what you have available
OpenBLAS blas_thread_init: RLIMIT_NPROC 2400 current, 25000000 max
OpenBLAS blas_thread_init: pthread_create failed for thread 27 of 56: Resource temporarily unavailable
OpenBLAS blas_thread_init: ensure that your address space and process count limits are big enough (ulimit -a)
OpenBLAS blas_thread_init: or set a smaller OPENBLAS_NUM_THREADS to fit into what you have available
OpenBLAS blas_thread_init: RLIMIT_NPROC 2400 current, 25000000 max
OpenBLAS blas_thread_init: pthread_create failed for thread 28 of 56: Resource temporarily unavailable
OpenBLAS blas_thread_init: ensure that your address space and process count limits are big enough (ulimit -a)
OpenBLAS blas_thread_init: or set a smaller OPENBLAS_NUM_THREADS to fit into what you have available
OpenBLAS blas_thread_init: RLIMIT_NPROC 2400 current, 25000000 max
OpenBLAS blas_thread_init: pthread_create failed for thread 29 of 56: Resource temporarily unavailable
OpenBLAS blas_thread_init: ensure that your address space and process count limits are big enough (ulimit -a)
OpenBLAS blas_thread_init: or set a smaller OPENBLAS_NUM_THREADS to fit into what you have available
OpenBLAS blas_thread_init: RLIMIT_NPROC 2400 current, 25000000 max
OpenBLAS blas_thread_init: pthread_create failed for thread 30 of 56: Resource temporarily unavailable
OpenBLAS blas_thread_init: ensure that your address space and process count limits are big enough (ulimit -a)
OpenBLAS blas_thread_init: or set a smaller OPENBLAS_NUM_THREADS to fit into what you have available
OpenBLAS blas_thread_init: RLIMIT_NPROC 2400 current, 25000000 max
OpenBLAS blas_thread_init: pthread_create failed for thread 31 of 56: Resource temporarily unavailable
OpenBLAS blas_thread_init: ensure that your address space and process count limits are big enough (ulimit -a)
OpenBLAS blas_thread_init: or set a smaller OPENBLAS_NUM_THREADS to fit into what you have available
OpenBLAS blas_thread_init: RLIMIT_NPROC 2400 current, 25000000 max
OpenBLAS blas_thread_init: pthread_create failed for thread 32 of 56: Resource temporarily unavailable
OpenBLAS blas_thread_init: ensure that your address space and process count limits are big enough (ulimit -a)
OpenBLAS blas_thread_init: or set a smaller OPENBLAS_NUM_THREADS to fit into what you have available
OpenBLAS blas_thread_init: RLIMIT_NPROC 2400 current, 25000000 max
OpenBLAS blas_thread_init: pthread_create failed for thread 33 of 56: Resource temporarily unavailable
OpenBLAS blas_thread_init: ensure that your address space and process count limits are big enough (ulimit -a)
OpenBLAS blas_thread_init: or set a smaller OPENBLAS_NUM_THREADS to fit into what you have available
OpenBLAS blas_thread_init: RLIMIT_NPROC 2400 current, 25000000 max
OpenBLAS blas_thread_init: pthread_create failed for thread 34 of 56: Resource temporarily unavailable
OpenBLAS blas_thread_init: ensure that your address space and process count limits are big enough (ulimit -a)
OpenBLAS blas_thread_init: or set a smaller OPENBLAS_NUM_THREADS to fit into what you have available
OpenBLAS blas_thread_init: RLIMIT_NPROC 2400 current, 25000000 max
OpenBLAS blas_thread_init: pthread_create failed for thread 35 of 56: Resource temporarily unavailable
OpenBLAS blas_thread_init: ensure that your address space and process count limits are big enough (ulimit -a)
OpenBLAS blas_thread_init: or set a smaller OPENBLAS_NUM_THREADS to fit into what you have available
OpenBLAS blas_thread_init: RLIMIT_NPROC 2400 current, 25000000 max
OpenBLAS blas_thread_init: pthread_create failed for thread 36 of 56: Resource temporarily unavailable
OpenBLAS blas_thread_init: ensure that your address space and process count limits are big enough (ulimit -a)
OpenBLAS blas_thread_init: or set a smaller OPENBLAS_NUM_THREADS to fit into what you have available
OpenBLAS blas_thread_init: RLIMIT_NPROC 2400 current, 25000000 max
OpenBLAS blas_thread_init: pthread_create failed for thread 37 of 56: Resource temporarily unavailable
OpenBLAS blas_thread_init: ensure that your address space and process count limits are big enough (ulimit -a)
OpenBLAS blas_thread_init: or set a smaller OPENBLAS_NUM_THREADS to fit into what you have available
OpenBLAS blas_thread_init: RLIMIT_NPROC 2400 current, 25000000 max
OpenBLAS blas_thread_init: pthread_create failed for thread 38 of 56: Resource temporarily unavailable
OpenBLAS blas_thread_init: ensure that your address space and process count limits are big enough (ulimit -a)
OpenBLAS blas_thread_init: or set a smaller OPENBLAS_NUM_THREADS to fit into what you have available
OpenBLAS blas_thread_init: RLIMIT_NPROC 2400 current, 25000000 max
OpenBLAS blas_thread_init: pthread_create failed for thread 39 of 56: Resource temporarily unavailable
OpenBLAS blas_thread_init: ensure that your address space and process count limits are big enough (ulimit -a)
OpenBLAS blas_thread_init: or set a smaller OPENBLAS_NUM_THREADS to fit into what you have available
OpenBLAS blas_thread_init: RLIMIT_NPROC 2400 current, 25000000 max
OpenBLAS blas_thread_init: pthread_create failed for thread 40 of 56: Resource temporarily unavailable
OpenBLAS blas_thread_init: ensure that your address space and process count limits are big enough (ulimit -a)
OpenBLAS blas_thread_init: or set a smaller OPENBLAS_NUM_THREADS to fit into what you have available
OpenBLAS blas_thread_init: RLIMIT_NPROC 2400 current, 25000000 max
OpenBLAS blas_thread_init: pthread_create failed for thread 41 of 56: Resource temporarily unavailable
OpenBLAS blas_thread_init: ensure that your address space and process count limits are big enough (ulimit -a)
OpenBLAS blas_thread_init: or set a smaller OPENBLAS_NUM_THREADS to fit into what you have available
OpenBLAS blas_thread_init: RLIMIT_NPROC 2400 current, 25000000 max
OpenBLAS blas_thread_init: pthread_create failed for thread 42 of 56: Resource temporarily unavailable
OpenBLAS blas_thread_init: ensure that your address space and process count limits are big enough (ulimit -a)
OpenBLAS blas_thread_init: or set a smaller OPENBLAS_NUM_THREADS to fit into what you have available
OpenBLAS blas_thread_init: RLIMIT_NPROC 2400 current, 25000000 max
OpenBLAS blas_thread_init: pthread_create failed for thread 43 of 56: Resource temporarily unavailable
OpenBLAS blas_thread_init: ensure that your address space and process count limits are big enough (ulimit -a)
OpenBLAS blas_thread_init: or set a smaller OPENBLAS_NUM_THREADS to fit into what you have available
OpenBLAS blas_thread_init: RLIMIT_NPROC 2400 current, 25000000 max
OpenBLAS blas_thread_init: pthread_create failed for thread 44 of 56: Resource temporarily unavailable
OpenBLAS blas_thread_init: ensure that your address space and process count limits are big enough (ulimit -a)
OpenBLAS blas_thread_init: or set a smaller OPENBLAS_NUM_THREADS to fit into what you have available
OpenBLAS blas_thread_init: RLIMIT_NPROC 2400 current, 25000000 max
OpenBLAS blas_thread_init: pthread_create failed for thread 45 of 56: Resource temporarily unavailable
OpenBLAS blas_thread_init: ensure that your address space and process count limits are big enough (ulimit -a)
OpenBLAS blas_thread_init: or set a smaller OPENBLAS_NUM_THREADS to fit into what you have available
OpenBLAS blas_thread_init: RLIMIT_NPROC 2400 current, 25000000 max
OpenBLAS blas_thread_init: pthread_create failed for thread 46 of 56: Resource temporarily unavailable
OpenBLAS blas_thread_init: ensure that your address space and process count limits are big enough (ulimit -a)
OpenBLAS blas_thread_init: or set a smaller OPENBLAS_NUM_THREADS to fit into what you have available
OpenBLAS blas_thread_init: RLIMIT_NPROC 2400 current, 25000000 max
OpenBLAS blas_thread_init: pthread_create failed for thread 47 of 56: Resource temporarily unavailable
OpenBLAS blas_thread_init: ensure that your address space and process count limits are big enough (ulimit -a)
OpenBLAS blas_thread_init: or set a smaller OPENBLAS_NUM_THREADS to fit into what you have available
OpenBLAS blas_thread_init: RLIMIT_NPROC 2400 current, 25000000 max
OpenBLAS blas_thread_init: pthread_create failed for thread 48 of 56: Resource temporarily unavailable
OpenBLAS blas_thread_init: ensure that your address space and process count limits are big enough (ulimit -a)
OpenBLAS blas_thread_init: or set a smaller OPENBLAS_NUM_THREADS to fit into what you have available
OpenBLAS blas_thread_init: RLIMIT_NPROC 2400 current, 25000000 max
OpenBLAS blas_thread_init: pthread_create failed for thread 49 of 56: Resource temporarily unavailable
OpenBLAS blas_thread_init: ensure that your address space and process count limits are big enough (ulimit -a)
OpenBLAS blas_thread_init: or set a smaller OPENBLAS_NUM_THREADS to fit into what you have available
OpenBLAS blas_thread_init: RLIMIT_NPROC 2400 current, 25000000 max
OpenBLAS blas_thread_init: pthread_create failed for thread 50 of 56: Resource temporarily unavailable
OpenBLAS blas_thread_init: ensure that your address space and process count limits are big enough (ulimit -a)
OpenBLAS blas_thread_init: or set a smaller OPENBLAS_NUM_THREADS to fit into what you have available
OpenBLAS blas_thread_init: RLIMIT_NPROC 2400 current, 25000000 max
OpenBLAS blas_thread_init: pthread_create failed for thread 51 of 56: Resource temporarily unavailable
OpenBLAS blas_thread_init: ensure that your address space and process count limits are big enough (ulimit -a)
OpenBLAS blas_thread_init: or set a smaller OPENBLAS_NUM_THREADS to fit into what you have available
OpenBLAS blas_thread_init: RLIMIT_NPROC 2400 current, 25000000 max
OpenBLAS blas_thread_init: pthread_create failed for thread 52 of 56: Resource temporarily unavailable
OpenBLAS blas_thread_init: ensure that your address space and process count limits are big enough (ulimit -a)
OpenBLAS blas_thread_init: or set a smaller OPENBLAS_NUM_THREADS to fit into what you have available
OpenBLAS blas_thread_init: RLIMIT_NPROC 2400 current, 25000000 max
OpenBLAS blas_thread_init: pthread_create failed for thread 53 of 56: Resource temporarily unavailable
OpenBLAS blas_thread_init: ensure that your address space and process count limits are big enough (ulimit -a)
OpenBLAS blas_thread_init: or set a smaller OPENBLAS_NUM_THREADS to fit into what you have available
OpenBLAS blas_thread_init: RLIMIT_NPROC 2400 current, 25000000 max
OpenBLAS blas_thread_init: pthread_create failed for thread 54 of 56: Resource temporarily unavailable
OpenBLAS blas_thread_init: ensure that your address space and process count limits are big enough (ulimit -a)
OpenBLAS blas_thread_init: or set a smaller OPENBLAS_NUM_THREADS to fit into what you have available
OpenBLAS blas_thread_init: RLIMIT_NPROC 2400 current, 25000000 max
OpenBLAS blas_thread_init: pthread_create failed for thread 55 of 56: Resource temporarily unavailable
OpenBLAS blas_thread_init: ensure that your address space and process count limits are big enough (ulimit -a)
OpenBLAS blas_thread_init: or set a smaller OPENBLAS_NUM_THREADS to fit into what you have available
OpenBLAS blas_thread_init: RLIMIT_NPROC 2400 current, 25000000 max
Traceback (most recent call last):
  File "/home/getpetco/Inwently/passenger_wsgi.py", line 1, in <module>
    from biller.wsgi import application
  File "/home/getpetco/Inwently/biller/wsgi.py", line 16, in <module>
    application = get_wsgi_application()
                  ^^^^^^^^^^^^^^^^^^^^^^
  File "/home/getpetco/virtualenv/Inwently/3.12/lib/python3.12/site-packages/django/core/wsgi.py", line 13, in get_wsgi_application
    return WSGIHandler()
           ^^^^^^^^^^^^^
  File "/home/getpetco/virtualenv/Inwently/3.12/lib/python3.12/site-packages/django/core/handlers/wsgi.py", line 118, in __init__
    self.load_middleware()
  File "/home/getpetco/virtualenv/Inwently/3.12/lib/python3.12/site-packages/django/core/handlers/base.py", line 40, in load_middleware
    middleware = import_string(middleware_path)
                 ^^^^^^^^^^^^^^^^^^^^^^^^^^^^^^
  File "/home/getpetco/virtualenv/Inwently/3.12/lib/python3.12/site-packages/django/utils/module_loading.py", line 30, in import_string
    return cached_import(module_path, class_name)
           ^^^^^^^^^^^^^^^^^^^^^^^^^^^^^^^^^^^^^^
  File "/home/getpetco/virtualenv/Inwently/3.12/lib/python3.12/site-packages/django/utils/module_loading.py", line 15, in cached_import
    module = import_module(module_path)
             ^^^^^^^^^^^^^^^^^^^^^^^^^^
  File "/opt/alt/python312/lib64/python3.12/importlib/__init__.py", line 90, in import_module
    return _bootstrap._gcd_import(name[level:], package, level)
           ^^^^^^^^^^^^^^^^^^^^^^^^^^^^^^^^^^^^^^^^^^^^^^^^^^^^
  File "/home/getpetco/Inwently/biller_apps/auth/middleware.py", line 13, in <module>
    from biller_apps.auth.utils import AuthUtils
  File "/home/getpetco/Inwently/biller_apps/auth/utils.py", line 3, in <module>
    import pandas
  File "/home/getpetco/virtualenv/Inwently/3.12/lib64/python3.12/site-packages/pandas/__init__.py", line 14, in <module>
    __import__(_dependency)
  File "/home/getpetco/virtualenv/Inwently/3.12/lib64/python3.12/site-packages/numpy/__init__.py", line 112, in <module>
    from numpy.__config__ import show_config
  File "/home/getpetco/virtualenv/Inwently/3.12/lib64/python3.12/site-packages/numpy/__config__.py", line 4, in <module>
    from numpy._core._multiarray_umath import (
  File "/home/getpetco/virtualenv/Inwently/3.12/lib64/python3.12/site-packages/numpy/_core/__init__.py", line 22, in <module>
    from . import multiarray
  File "/home/getpetco/virtualenv/Inwently/3.12/lib64/python3.12/site-packages/numpy/_core/multiarray.py", line 11, in <module>
    from . import _multiarray_umath, overrides
  File "<frozen importlib._bootstrap>", line 1349, in _find_and_load
KeyboardInterrupt
OpenBLAS blas_thread_init: pthread_create failed for thread 20 of 56: Resource temporarily unavailable
OpenBLAS blas_thread_init: ensure that your address space and process count limits are big enough (ulimit -a)
OpenBLAS blas_thread_init: or set a smaller OPENBLAS_NUM_THREADS to fit into what you have available
OpenBLAS blas_thread_init: RLIMIT_NPROC 2400 current, 25000000 max
OpenBLAS blas_thread_init: pthread_create failed for thread 21 of 56: Resource temporarily unavailable
OpenBLAS blas_thread_init: ensure that your address space and process count limits are big enough (ulimit -a)
OpenBLAS blas_thread_init: or set a smaller OPENBLAS_NUM_THREADS to fit into what you have available
OpenBLAS blas_thread_init: RLIMIT_NPROC 2400 current, 25000000 max
OpenBLAS blas_thread_init: pthread_create failed for thread 22 of 56: Resource temporarily unavailable
OpenBLAS blas_thread_init: ensure that your address space and process count limits are big enough (ulimit -a)
OpenBLAS blas_thread_init: or set a smaller OPENBLAS_NUM_THREADS to fit into what you have available
OpenBLAS blas_thread_init: RLIMIT_NPROC 2400 current, 25000000 max
OpenBLAS blas_thread_init: pthread_create failed for thread 23 of 56: Resource temporarily unavailable
OpenBLAS blas_thread_init: ensure that your address space and process count limits are big enough (ulimit -a)
OpenBLAS blas_thread_init: or set a smaller OPENBLAS_NUM_THREADS to fit into what you have available
OpenBLAS blas_thread_init: RLIMIT_NPROC 2400 current, 25000000 max
OpenBLAS blas_thread_init: pthread_create failed for thread 24 of 56: Resource temporarily unavailable
OpenBLAS blas_thread_init: ensure that your address space and process count limits are big enough (ulimit -a)
OpenBLAS blas_thread_init: or set a smaller OPENBLAS_NUM_THREADS to fit into what you have available
OpenBLAS blas_thread_init: RLIMIT_NPROC 2400 current, 25000000 max
OpenBLAS blas_thread_init: pthread_create failed for thread 25 of 56: Resource temporarily unavailable
OpenBLAS blas_thread_init: ensure that your address space and process count limits are big enough (ulimit -a)
OpenBLAS blas_thread_init: or set a smaller OPENBLAS_NUM_THREADS to fit into what you have available
OpenBLAS blas_thread_init: RLIMIT_NPROC 2400 current, 25000000 max
OpenBLAS blas_thread_init: pthread_create failed for thread 26 of 56: Resource temporarily unavailable
OpenBLAS blas_thread_init: ensure that your address space and process count limits are big enough (ulimit -a)
OpenBLAS blas_thread_init: or set a smaller OPENBLAS_NUM_THREADS to fit into what you have available
OpenBLAS blas_thread_init: RLIMIT_NPROC 2400 current, 25000000 max
OpenBLAS blas_thread_init: pthread_create failed for thread 27 of 56: Resource temporarily unavailable
OpenBLAS blas_thread_init: ensure that your address space and process count limits are big enough (ulimit -a)
OpenBLAS blas_thread_init: or set a smaller OPENBLAS_NUM_THREADS to fit into what you have available
OpenBLAS blas_thread_init: RLIMIT_NPROC 2400 current, 25000000 max
OpenBLAS blas_thread_init: pthread_create failed for thread 28 of 56: Resource temporarily unavailable
OpenBLAS blas_thread_init: ensure that your address space and process count limits are big enough (ulimit -a)
OpenBLAS blas_thread_init: or set a smaller OPENBLAS_NUM_THREADS to fit into what you have available
OpenBLAS blas_thread_init: RLIMIT_NPROC 2400 current, 25000000 max
OpenBLAS blas_thread_init: pthread_create failed for thread 29 of 56: Resource temporarily unavailable
OpenBLAS blas_thread_init: ensure that your address space and process count limits are big enough (ulimit -a)
OpenBLAS blas_thread_init: or set a smaller OPENBLAS_NUM_THREADS to fit into what you have available
OpenBLAS blas_thread_init: RLIMIT_NPROC 2400 current, 25000000 max
OpenBLAS blas_thread_init: pthread_create failed for thread 30 of 56: Resource temporarily unavailable
OpenBLAS blas_thread_init: ensure that your address space and process count limits are big enough (ulimit -a)
OpenBLAS blas_thread_init: or set a smaller OPENBLAS_NUM_THREADS to fit into what you have available
OpenBLAS blas_thread_init: RLIMIT_NPROC 2400 current, 25000000 max
OpenBLAS blas_thread_init: pthread_create failed for thread 31 of 56: Resource temporarily unavailable
OpenBLAS blas_thread_init: ensure that your address space and process count limits are big enough (ulimit -a)
OpenBLAS blas_thread_init: or set a smaller OPENBLAS_NUM_THREADS to fit into what you have available
OpenBLAS blas_thread_init: RLIMIT_NPROC 2400 current, 25000000 max
OpenBLAS blas_thread_init: pthread_create failed for thread 32 of 56: Resource temporarily unavailable
OpenBLAS blas_thread_init: ensure that your address space and process count limits are big enough (ulimit -a)
OpenBLAS blas_thread_init: or set a smaller OPENBLAS_NUM_THREADS to fit into what you have available
OpenBLAS blas_thread_init: RLIMIT_NPROC 2400 current, 25000000 max
OpenBLAS blas_thread_init: pthread_create failed for thread 33 of 56: Resource temporarily unavailable
OpenBLAS blas_thread_init: ensure that your address space and process count limits are big enough (ulimit -a)
OpenBLAS blas_thread_init: or set a smaller OPENBLAS_NUM_THREADS to fit into what you have available
OpenBLAS blas_thread_init: RLIMIT_NPROC 2400 current, 25000000 max
OpenBLAS blas_thread_init: pthread_create failed for thread 34 of 56: Resource temporarily unavailable
OpenBLAS blas_thread_init: ensure that your address space and process count limits are big enough (ulimit -a)
OpenBLAS blas_thread_init: or set a smaller OPENBLAS_NUM_THREADS to fit into what you have available
OpenBLAS blas_thread_init: RLIMIT_NPROC 2400 current, 25000000 max
OpenBLAS blas_thread_init: pthread_create failed for thread 35 of 56: Resource temporarily unavailable
OpenBLAS blas_thread_init: ensure that your address space and process count limits are big enough (ulimit -a)
OpenBLAS blas_thread_init: or set a smaller OPENBLAS_NUM_THREADS to fit into what you have available
OpenBLAS blas_thread_init: RLIMIT_NPROC 2400 current, 25000000 max
OpenBLAS blas_thread_init: pthread_create failed for thread 36 of 56: Resource temporarily unavailable
OpenBLAS blas_thread_init: ensure that your address space and process count limits are big enough (ulimit -a)
OpenBLAS blas_thread_init: or set a smaller OPENBLAS_NUM_THREADS to fit into what you have available
OpenBLAS blas_thread_init: RLIMIT_NPROC 2400 current, 25000000 max
OpenBLAS blas_thread_init: pthread_create failed for thread 37 of 56: Resource temporarily unavailable
OpenBLAS blas_thread_init: ensure that your address space and process count limits are big enough (ulimit -a)
OpenBLAS blas_thread_init: or set a smaller OPENBLAS_NUM_THREADS to fit into what you have available
OpenBLAS blas_thread_init: RLIMIT_NPROC 2400 current, 25000000 max
OpenBLAS blas_thread_init: pthread_create failed for thread 38 of 56: Resource temporarily unavailable
OpenBLAS blas_thread_init: ensure that your address space and process count limits are big enough (ulimit -a)
OpenBLAS blas_thread_init: or set a smaller OPENBLAS_NUM_THREADS to fit into what you have available
OpenBLAS blas_thread_init: RLIMIT_NPROC 2400 current, 25000000 max
OpenBLAS blas_thread_init: pthread_create failed for thread 39 of 56: Resource temporarily unavailable
OpenBLAS blas_thread_init: ensure that your address space and process count limits are big enough (ulimit -a)
OpenBLAS blas_thread_init: or set a smaller OPENBLAS_NUM_THREADS to fit into what you have available
OpenBLAS blas_thread_init: RLIMIT_NPROC 2400 current, 25000000 max
OpenBLAS blas_thread_init: pthread_create failed for thread 40 of 56: Resource temporarily unavailable
OpenBLAS blas_thread_init: ensure that your address space and process count limits are big enough (ulimit -a)
OpenBLAS blas_thread_init: or set a smaller OPENBLAS_NUM_THREADS to fit into what you have available
OpenBLAS blas_thread_init: RLIMIT_NPROC 2400 current, 25000000 max
OpenBLAS blas_thread_init: pthread_create failed for thread 41 of 56: Resource temporarily unavailable
OpenBLAS blas_thread_init: ensure that your address space and process count limits are big enough (ulimit -a)
OpenBLAS blas_thread_init: or set a smaller OPENBLAS_NUM_THREADS to fit into what you have available
OpenBLAS blas_thread_init: RLIMIT_NPROC 2400 current, 25000000 max
OpenBLAS blas_thread_init: pthread_create failed for thread 42 of 56: Resource temporarily unavailable
OpenBLAS blas_thread_init: ensure that your address space and process count limits are big enough (ulimit -a)
OpenBLAS blas_thread_init: or set a smaller OPENBLAS_NUM_THREADS to fit into what you have available
OpenBLAS blas_thread_init: RLIMIT_NPROC 2400 current, 25000000 max
OpenBLAS blas_thread_init: pthread_create failed for thread 43 of 56: Resource temporarily unavailable
OpenBLAS blas_thread_init: ensure that your address space and process count limits are big enough (ulimit -a)
OpenBLAS blas_thread_init: or set a smaller OPENBLAS_NUM_THREADS to fit into what you have available
OpenBLAS blas_thread_init: RLIMIT_NPROC 2400 current, 25000000 max
OpenBLAS blas_thread_init: pthread_create failed for thread 44 of 56: Resource temporarily unavailable
OpenBLAS blas_thread_init: ensure that your address space and process count limits are big enough (ulimit -a)
OpenBLAS blas_thread_init: or set a smaller OPENBLAS_NUM_THREADS to fit into what you have available
OpenBLAS blas_thread_init: RLIMIT_NPROC 2400 current, 25000000 max
OpenBLAS blas_thread_init: pthread_create failed for thread 45 of 56: Resource temporarily unavailable
OpenBLAS blas_thread_init: ensure that your address space and process count limits are big enough (ulimit -a)
OpenBLAS blas_thread_init: or set a smaller OPENBLAS_NUM_THREADS to fit into what you have available
OpenBLAS blas_thread_init: RLIMIT_NPROC 2400 current, 25000000 max
OpenBLAS blas_thread_init: pthread_create failed for thread 46 of 56: Resource temporarily unavailable
OpenBLAS blas_thread_init: ensure that your address space and process count limits are big enough (ulimit -a)
OpenBLAS blas_thread_init: or set a smaller OPENBLAS_NUM_THREADS to fit into what you have available
OpenBLAS blas_thread_init: RLIMIT_NPROC 2400 current, 25000000 max
OpenBLAS blas_thread_init: pthread_create failed for thread 47 of 56: Resource temporarily unavailable
OpenBLAS blas_thread_init: ensure that your address space and process count limits are big enough (ulimit -a)
OpenBLAS blas_thread_init: or set a smaller OPENBLAS_NUM_THREADS to fit into what you have available
OpenBLAS blas_thread_init: RLIMIT_NPROC 2400 current, 25000000 max
OpenBLAS blas_thread_init: pthread_create failed for thread 48 of 56: Resource temporarily unavailable
OpenBLAS blas_thread_init: ensure that your address space and process count limits are big enough (ulimit -a)
OpenBLAS blas_thread_init: or set a smaller OPENBLAS_NUM_THREADS to fit into what you have available
OpenBLAS blas_thread_init: RLIMIT_NPROC 2400 current, 25000000 max
OpenBLAS blas_thread_init: pthread_create failed for thread 49 of 56: Resource temporarily unavailable
OpenBLAS blas_thread_init: ensure that your address space and process count limits are big enough (ulimit -a)
OpenBLAS blas_thread_init: or set a smaller OPENBLAS_NUM_THREADS to fit into what you have available
OpenBLAS blas_thread_init: RLIMIT_NPROC 2400 current, 25000000 max
OpenBLAS blas_thread_init: pthread_create failed for thread 50 of 56: Resource temporarily unavailable
OpenBLAS blas_thread_init: ensure that your address space and process count limits are big enough (ulimit -a)
OpenBLAS blas_thread_init: or set a smaller OPENBLAS_NUM_THREADS to fit into what you have available
OpenBLAS blas_thread_init: RLIMIT_NPROC 2400 current, 25000000 max
OpenBLAS blas_thread_init: pthread_create failed for thread 51 of 56: Resource temporarily unavailable
OpenBLAS blas_thread_init: ensure that your address space and process count limits are big enough (ulimit -a)
OpenBLAS blas_thread_init: or set a smaller OPENBLAS_NUM_THREADS to fit into what you have available
OpenBLAS blas_thread_init: RLIMIT_NPROC 2400 current, 25000000 max
OpenBLAS blas_thread_init: pthread_create failed for thread 52 of 56: Resource temporarily unavailable
OpenBLAS blas_thread_init: ensure that your address space and process count limits are big enough (ulimit -a)
OpenBLAS blas_thread_init: or set a smaller OPENBLAS_NUM_THREADS to fit into what you have available
OpenBLAS blas_thread_init: RLIMIT_NPROC 2400 current, 25000000 max
OpenBLAS blas_thread_init: pthread_create failed for thread 53 of 56: Resource temporarily unavailable
OpenBLAS blas_thread_init: ensure that your address space and process count limits are big enough (ulimit -a)
OpenBLAS blas_thread_init: or set a smaller OPENBLAS_NUM_THREADS to fit into what you have available
OpenBLAS blas_thread_init: RLIMIT_NPROC 2400 current, 25000000 max
OpenBLAS blas_thread_init: pthread_create failed for thread 54 of 56: Resource temporarily unavailable
OpenBLAS blas_thread_init: ensure that your address space and process count limits are big enough (ulimit -a)
OpenBLAS blas_thread_init: or set a smaller OPENBLAS_NUM_THREADS to fit into what you have available
OpenBLAS blas_thread_init: RLIMIT_NPROC 2400 current, 25000000 max
OpenBLAS blas_thread_init: pthread_create failed for thread 55 of 56: Resource temporarily unavailable
OpenBLAS blas_thread_init: ensure that your address space and process count limits are big enough (ulimit -a)
OpenBLAS blas_thread_init: or set a smaller OPENBLAS_NUM_THREADS to fit into what you have available
OpenBLAS blas_thread_init: RLIMIT_NPROC 2400 current, 25000000 max
Traceback (most recent call last):
  File "/home/getpetco/Inwently/passenger_wsgi.py", line 1, in <module>
    from biller.wsgi import application
  File "/home/getpetco/Inwently/biller/wsgi.py", line 16, in <module>
    application = get_wsgi_application()
                  ^^^^^^^^^^^^^^^^^^^^^^
  File "/home/getpetco/virtualenv/Inwently/3.12/lib/python3.12/site-packages/django/core/wsgi.py", line 13, in get_wsgi_application
    return WSGIHandler()
           ^^^^^^^^^^^^^
  File "/home/getpetco/virtualenv/Inwently/3.12/lib/python3.12/site-packages/django/core/handlers/wsgi.py", line 118, in __init__
    self.load_middleware()
  File "/home/getpetco/virtualenv/Inwently/3.12/lib/python3.12/site-packages/django/core/handlers/base.py", line 40, in load_middleware
    middleware = import_string(middleware_path)
                 ^^^^^^^^^^^^^^^^^^^^^^^^^^^^^^
  File "/home/getpetco/virtualenv/Inwently/3.12/lib/python3.12/site-packages/django/utils/module_loading.py", line 30, in import_string
    return cached_import(module_path, class_name)
           ^^^^^^^^^^^^^^^^^^^^^^^^^^^^^^^^^^^^^^
  File "/home/getpetco/virtualenv/Inwently/3.12/lib/python3.12/site-packages/django/utils/module_loading.py", line 15, in cached_import
    module = import_module(module_path)
             ^^^^^^^^^^^^^^^^^^^^^^^^^^
  File "/opt/alt/python312/lib64/python3.12/importlib/__init__.py", line 90, in import_module
    return _bootstrap._gcd_import(name[level:], package, level)
           ^^^^^^^^^^^^^^^^^^^^^^^^^^^^^^^^^^^^^^^^^^^^^^^^^^^^
  File "/home/getpetco/Inwently/biller_apps/auth/middleware.py", line 13, in <module>
    from biller_apps.auth.utils import AuthUtils
  File "/home/getpetco/Inwently/biller_apps/auth/utils.py", line 3, in <module>
    import pandas
  File "/home/getpetco/virtualenv/Inwently/3.12/lib64/python3.12/site-packages/pandas/__init__.py", line 14, in <module>
    __import__(_dependency)
  File "/home/getpetco/virtualenv/Inwently/3.12/lib64/python3.12/site-packages/numpy/__init__.py", line 112, in <module>
    from numpy.__config__ import show_config
  File "/home/getpetco/virtualenv/Inwently/3.12/lib64/python3.12/site-packages/numpy/__config__.py", line 4, in <module>
    from numpy._core._multiarray_umath import (
  File "/home/getpetco/virtualenv/Inwently/3.12/lib64/python3.12/site-packages/numpy/_core/__init__.py", line 22, in <module>
    from . import multiarray
  File "/home/getpetco/virtualenv/Inwently/3.12/lib64/python3.12/site-packages/numpy/_core/multiarray.py", line 11, in <module>
    from . import _multiarray_umath, overrides
  File "<frozen importlib._bootstrap>", line 1349, in _find_and_load
KeyboardInterrupt
OpenBLAS blas_thread_init: pthread_create failed for thread 20 of 56: Resource temporarily unavailable
OpenBLAS blas_thread_init: ensure that your address space and process count limits are big enough (ulimit -a)
OpenBLAS blas_thread_init: or set a smaller OPENBLAS_NUM_THREADS to fit into what you have available
OpenBLAS blas_thread_init: RLIMIT_NPROC 2400 current, 25000000 max
OpenBLAS blas_thread_init: pthread_create failed for thread 21 of 56: Resource temporarily unavailable
OpenBLAS blas_thread_init: ensure that your address space and process count limits are big enough (ulimit -a)
OpenBLAS blas_thread_init: or set a smaller OPENBLAS_NUM_THREADS to fit into what you have available
OpenBLAS blas_thread_init: RLIMIT_NPROC 2400 current, 25000000 max
OpenBLAS blas_thread_init: pthread_create failed for thread 22 of 56: Resource temporarily unavailable
OpenBLAS blas_thread_init: ensure that your address space and process count limits are big enough (ulimit -a)
OpenBLAS blas_thread_init: or set a smaller OPENBLAS_NUM_THREADS to fit into what you have available
OpenBLAS blas_thread_init: RLIMIT_NPROC 2400 current, 25000000 max
OpenBLAS blas_thread_init: pthread_create failed for thread 23 of 56: Resource temporarily unavailable
OpenBLAS blas_thread_init: ensure that your address space and process count limits are big enough (ulimit -a)
OpenBLAS blas_thread_init: or set a smaller OPENBLAS_NUM_THREADS to fit into what you have available
OpenBLAS blas_thread_init: RLIMIT_NPROC 2400 current, 25000000 max
OpenBLAS blas_thread_init: pthread_create failed for thread 24 of 56: Resource temporarily unavailable
OpenBLAS blas_thread_init: ensure that your address space and process count limits are big enough (ulimit -a)
OpenBLAS blas_thread_init: or set a smaller OPENBLAS_NUM_THREADS to fit into what you have available
OpenBLAS blas_thread_init: RLIMIT_NPROC 2400 current, 25000000 max
OpenBLAS blas_thread_init: pthread_create failed for thread 25 of 56: Resource temporarily unavailable
OpenBLAS blas_thread_init: ensure that your address space and process count limits are big enough (ulimit -a)
OpenBLAS blas_thread_init: or set a smaller OPENBLAS_NUM_THREADS to fit into what you have available
OpenBLAS blas_thread_init: RLIMIT_NPROC 2400 current, 25000000 max
OpenBLAS blas_thread_init: pthread_create failed for thread 26 of 56: Resource temporarily unavailable
OpenBLAS blas_thread_init: ensure that your address space and process count limits are big enough (ulimit -a)
OpenBLAS blas_thread_init: or set a smaller OPENBLAS_NUM_THREADS to fit into what you have available
OpenBLAS blas_thread_init: RLIMIT_NPROC 2400 current, 25000000 max
OpenBLAS blas_thread_init: pthread_create failed for thread 27 of 56: Resource temporarily unavailable
OpenBLAS blas_thread_init: ensure that your address space and process count limits are big enough (ulimit -a)
OpenBLAS blas_thread_init: or set a smaller OPENBLAS_NUM_THREADS to fit into what you have available
OpenBLAS blas_thread_init: RLIMIT_NPROC 2400 current, 25000000 max
OpenBLAS blas_thread_init: pthread_create failed for thread 28 of 56: Resource temporarily unavailable
OpenBLAS blas_thread_init: ensure that your address space and process count limits are big enough (ulimit -a)
OpenBLAS blas_thread_init: or set a smaller OPENBLAS_NUM_THREADS to fit into what you have available
OpenBLAS blas_thread_init: RLIMIT_NPROC 2400 current, 25000000 max
OpenBLAS blas_thread_init: pthread_create failed for thread 29 of 56: Resource temporarily unavailable
OpenBLAS blas_thread_init: ensure that your address space and process count limits are big enough (ulimit -a)
OpenBLAS blas_thread_init: or set a smaller OPENBLAS_NUM_THREADS to fit into what you have available
OpenBLAS blas_thread_init: RLIMIT_NPROC 2400 current, 25000000 max
OpenBLAS blas_thread_init: pthread_create failed for thread 30 of 56: Resource temporarily unavailable
OpenBLAS blas_thread_init: ensure that your address space and process count limits are big enough (ulimit -a)
OpenBLAS blas_thread_init: or set a smaller OPENBLAS_NUM_THREADS to fit into what you have available
OpenBLAS blas_thread_init: RLIMIT_NPROC 2400 current, 25000000 max
OpenBLAS blas_thread_init: pthread_create failed for thread 31 of 56: Resource temporarily unavailable
OpenBLAS blas_thread_init: ensure that your address space and process count limits are big enough (ulimit -a)
OpenBLAS blas_thread_init: or set a smaller OPENBLAS_NUM_THREADS to fit into what you have available
OpenBLAS blas_thread_init: RLIMIT_NPROC 2400 current, 25000000 max
OpenBLAS blas_thread_init: pthread_create failed for thread 32 of 56: Resource temporarily unavailable
OpenBLAS blas_thread_init: ensure that your address space and process count limits are big enough (ulimit -a)
OpenBLAS blas_thread_init: or set a smaller OPENBLAS_NUM_THREADS to fit into what you have available
OpenBLAS blas_thread_init: RLIMIT_NPROC 2400 current, 25000000 max
OpenBLAS blas_thread_init: pthread_create failed for thread 33 of 56: Resource temporarily unavailable
OpenBLAS blas_thread_init: ensure that your address space and process count limits are big enough (ulimit -a)
OpenBLAS blas_thread_init: or set a smaller OPENBLAS_NUM_THREADS to fit into what you have available
OpenBLAS blas_thread_init: RLIMIT_NPROC 2400 current, 25000000 max
OpenBLAS blas_thread_init: pthread_create failed for thread 34 of 56: Resource temporarily unavailable
OpenBLAS blas_thread_init: ensure that your address space and process count limits are big enough (ulimit -a)
OpenBLAS blas_thread_init: or set a smaller OPENBLAS_NUM_THREADS to fit into what you have available
OpenBLAS blas_thread_init: RLIMIT_NPROC 2400 current, 25000000 max
OpenBLAS blas_thread_init: pthread_create failed for thread 35 of 56: Resource temporarily unavailable
OpenBLAS blas_thread_init: ensure that your address space and process count limits are big enough (ulimit -a)
OpenBLAS blas_thread_init: or set a smaller OPENBLAS_NUM_THREADS to fit into what you have available
OpenBLAS blas_thread_init: RLIMIT_NPROC 2400 current, 25000000 max
OpenBLAS blas_thread_init: pthread_create failed for thread 36 of 56: Resource temporarily unavailable
OpenBLAS blas_thread_init: ensure that your address space and process count limits are big enough (ulimit -a)
OpenBLAS blas_thread_init: or set a smaller OPENBLAS_NUM_THREADS to fit into what you have available
OpenBLAS blas_thread_init: RLIMIT_NPROC 2400 current, 25000000 max
OpenBLAS blas_thread_init: pthread_create failed for thread 37 of 56: Resource temporarily unavailable
OpenBLAS blas_thread_init: ensure that your address space and process count limits are big enough (ulimit -a)
OpenBLAS blas_thread_init: or set a smaller OPENBLAS_NUM_THREADS to fit into what you have available
OpenBLAS blas_thread_init: RLIMIT_NPROC 2400 current, 25000000 max
OpenBLAS blas_thread_init: pthread_create failed for thread 38 of 56: Resource temporarily unavailable
OpenBLAS blas_thread_init: ensure that your address space and process count limits are big enough (ulimit -a)
OpenBLAS blas_thread_init: or set a smaller OPENBLAS_NUM_THREADS to fit into what you have available
OpenBLAS blas_thread_init: RLIMIT_NPROC 2400 current, 25000000 max
OpenBLAS blas_thread_init: pthread_create failed for thread 39 of 56: Resource temporarily unavailable
OpenBLAS blas_thread_init: ensure that your address space and process count limits are big enough (ulimit -a)
OpenBLAS blas_thread_init: or set a smaller OPENBLAS_NUM_THREADS to fit into what you have available
OpenBLAS blas_thread_init: RLIMIT_NPROC 2400 current, 25000000 max
OpenBLAS blas_thread_init: pthread_create failed for thread 40 of 56: Resource temporarily unavailable
OpenBLAS blas_thread_init: ensure that your address space and process count limits are big enough (ulimit -a)
OpenBLAS blas_thread_init: or set a smaller OPENBLAS_NUM_THREADS to fit into what you have available
OpenBLAS blas_thread_init: RLIMIT_NPROC 2400 current, 25000000 max
OpenBLAS blas_thread_init: pthread_create failed for thread 41 of 56: Resource temporarily unavailable
OpenBLAS blas_thread_init: ensure that your address space and process count limits are big enough (ulimit -a)
OpenBLAS blas_thread_init: or set a smaller OPENBLAS_NUM_THREADS to fit into what you have available
OpenBLAS blas_thread_init: RLIMIT_NPROC 2400 current, 25000000 max
OpenBLAS blas_thread_init: pthread_create failed for thread 42 of 56: Resource temporarily unavailable
OpenBLAS blas_thread_init: ensure that your address space and process count limits are big enough (ulimit -a)
OpenBLAS blas_thread_init: or set a smaller OPENBLAS_NUM_THREADS to fit into what you have available
OpenBLAS blas_thread_init: RLIMIT_NPROC 2400 current, 25000000 max
OpenBLAS blas_thread_init: pthread_create failed for thread 43 of 56: Resource temporarily unavailable
OpenBLAS blas_thread_init: ensure that your address space and process count limits are big enough (ulimit -a)
OpenBLAS blas_thread_init: or set a smaller OPENBLAS_NUM_THREADS to fit into what you have available
OpenBLAS blas_thread_init: RLIMIT_NPROC 2400 current, 25000000 max
OpenBLAS blas_thread_init: pthread_create failed for thread 44 of 56: Resource temporarily unavailable
OpenBLAS blas_thread_init: ensure that your address space and process count limits are big enough (ulimit -a)
OpenBLAS blas_thread_init: or set a smaller OPENBLAS_NUM_THREADS to fit into what you have available
OpenBLAS blas_thread_init: RLIMIT_NPROC 2400 current, 25000000 max
OpenBLAS blas_thread_init: pthread_create failed for thread 45 of 56: Resource temporarily unavailable
OpenBLAS blas_thread_init: ensure that your address space and process count limits are big enough (ulimit -a)
OpenBLAS blas_thread_init: or set a smaller OPENBLAS_NUM_THREADS to fit into what you have available
OpenBLAS blas_thread_init: RLIMIT_NPROC 2400 current, 25000000 max
OpenBLAS blas_thread_init: pthread_create failed for thread 46 of 56: Resource temporarily unavailable
OpenBLAS blas_thread_init: ensure that your address space and process count limits are big enough (ulimit -a)
OpenBLAS blas_thread_init: or set a smaller OPENBLAS_NUM_THREADS to fit into what you have available
OpenBLAS blas_thread_init: RLIMIT_NPROC 2400 current, 25000000 max
OpenBLAS blas_thread_init: pthread_create failed for thread 47 of 56: Resource temporarily unavailable
OpenBLAS blas_thread_init: ensure that your address space and process count limits are big enough (ulimit -a)
OpenBLAS blas_thread_init: or set a smaller OPENBLAS_NUM_THREADS to fit into what you have available
OpenBLAS blas_thread_init: RLIMIT_NPROC 2400 current, 25000000 max
OpenBLAS blas_thread_init: pthread_create failed for thread 48 of 56: Resource temporarily unavailable
OpenBLAS blas_thread_init: ensure that your address space and process count limits are big enough (ulimit -a)
OpenBLAS blas_thread_init: or set a smaller OPENBLAS_NUM_THREADS to fit into what you have available
OpenBLAS blas_thread_init: RLIMIT_NPROC 2400 current, 25000000 max
OpenBLAS blas_thread_init: pthread_create failed for thread 49 of 56: Resource temporarily unavailable
OpenBLAS blas_thread_init: ensure that your address space and process count limits are big enough (ulimit -a)
OpenBLAS blas_thread_init: or set a smaller OPENBLAS_NUM_THREADS to fit into what you have available
OpenBLAS blas_thread_init: RLIMIT_NPROC 2400 current, 25000000 max
OpenBLAS blas_thread_init: pthread_create failed for thread 50 of 56: Resource temporarily unavailable
OpenBLAS blas_thread_init: ensure that your address space and process count limits are big enough (ulimit -a)
OpenBLAS blas_thread_init: or set a smaller OPENBLAS_NUM_THREADS to fit into what you have available
OpenBLAS blas_thread_init: RLIMIT_NPROC 2400 current, 25000000 max
OpenBLAS blas_thread_init: pthread_create failed for thread 51 of 56: Resource temporarily unavailable
OpenBLAS blas_thread_init: ensure that your address space and process count limits are big enough (ulimit -a)
OpenBLAS blas_thread_init: or set a smaller OPENBLAS_NUM_THREADS to fit into what you have available
OpenBLAS blas_thread_init: RLIMIT_NPROC 2400 current, 25000000 max
OpenBLAS blas_thread_init: pthread_create failed for thread 52 of 56: Resource temporarily unavailable
OpenBLAS blas_thread_init: ensure that your address space and process count limits are big enough (ulimit -a)
OpenBLAS blas_thread_init: or set a smaller OPENBLAS_NUM_THREADS to fit into what you have available
OpenBLAS blas_thread_init: RLIMIT_NPROC 2400 current, 25000000 max
OpenBLAS blas_thread_init: pthread_create failed for thread 53 of 56: Resource temporarily unavailable
OpenBLAS blas_thread_init: ensure that your address space and process count limits are big enough (ulimit -a)
OpenBLAS blas_thread_init: or set a smaller OPENBLAS_NUM_THREADS to fit into what you have available
OpenBLAS blas_thread_init: RLIMIT_NPROC 2400 current, 25000000 max
OpenBLAS blas_thread_init: pthread_create failed for thread 54 of 56: Resource temporarily unavailable
OpenBLAS blas_thread_init: ensure that your address space and process count limits are big enough (ulimit -a)
OpenBLAS blas_thread_init: or set a smaller OPENBLAS_NUM_THREADS to fit into what you have available
OpenBLAS blas_thread_init: RLIMIT_NPROC 2400 current, 25000000 max
OpenBLAS blas_thread_init: pthread_create failed for thread 55 of 56: Resource temporarily unavailable
OpenBLAS blas_thread_init: ensure that your address space and process count limits are big enough (ulimit -a)
OpenBLAS blas_thread_init: or set a smaller OPENBLAS_NUM_THREADS to fit into what you have available
OpenBLAS blas_thread_init: RLIMIT_NPROC 2400 current, 25000000 max
Traceback (most recent call last):
  File "/home/getpetco/Inwently/passenger_wsgi.py", line 1, in <module>
    from biller.wsgi import application
  File "/home/getpetco/Inwently/biller/wsgi.py", line 16, in <module>
    application = get_wsgi_application()
                  ^^^^^^^^^^^^^^^^^^^^^^
  File "/home/getpetco/virtualenv/Inwently/3.12/lib/python3.12/site-packages/django/core/wsgi.py", line 13, in get_wsgi_application
    return WSGIHandler()
           ^^^^^^^^^^^^^
  File "/home/getpetco/virtualenv/Inwently/3.12/lib/python3.12/site-packages/django/core/handlers/wsgi.py", line 118, in __init__
    self.load_middleware()
  File "/home/getpetco/virtualenv/Inwently/3.12/lib/python3.12/site-packages/django/core/handlers/base.py", line 40, in load_middleware
    middleware = import_string(middleware_path)
                 ^^^^^^^^^^^^^^^^^^^^^^^^^^^^^^
  File "/home/getpetco/virtualenv/Inwently/3.12/lib/python3.12/site-packages/django/utils/module_loading.py", line 30, in import_string
    return cached_import(module_path, class_name)
           ^^^^^^^^^^^^^^^^^^^^^^^^^^^^^^^^^^^^^^
  File "/home/getpetco/virtualenv/Inwently/3.12/lib/python3.12/site-packages/django/utils/module_loading.py", line 15, in cached_import
    module = import_module(module_path)
             ^^^^^^^^^^^^^^^^^^^^^^^^^^
  File "/opt/alt/python312/lib64/python3.12/importlib/__init__.py", line 90, in import_module
    return _bootstrap._gcd_import(name[level:], package, level)
           ^^^^^^^^^^^^^^^^^^^^^^^^^^^^^^^^^^^^^^^^^^^^^^^^^^^^
  File "/home/getpetco/Inwently/biller_apps/auth/middleware.py", line 13, in <module>
    from biller_apps.auth.utils import AuthUtils
  File "/home/getpetco/Inwently/biller_apps/auth/utils.py", line 3, in <module>
    import pandas
  File "/home/getpetco/virtualenv/Inwently/3.12/lib64/python3.12/site-packages/pandas/__init__.py", line 14, in <module>
    __import__(_dependency)
  File "/home/getpetco/virtualenv/Inwently/3.12/lib64/python3.12/site-packages/numpy/__init__.py", line 112, in <module>
    from numpy.__config__ import show_config
  File "/home/getpetco/virtualenv/Inwently/3.12/lib64/python3.12/site-packages/numpy/__config__.py", line 4, in <module>
    from numpy._core._multiarray_umath import (
  File "/home/getpetco/virtualenv/Inwently/3.12/lib64/python3.12/site-packages/numpy/_core/__init__.py", line 22, in <module>
    from . import multiarray
  File "/home/getpetco/virtualenv/Inwently/3.12/lib64/python3.12/site-packages/numpy/_core/multiarray.py", line 11, in <module>
    from . import _multiarray_umath, overrides
  File "<frozen importlib._bootstrap>", line 1349, in _find_and_load
KeyboardInterrupt
OpenBLAS blas_thread_init: pthread_create failed for thread 20 of 56: Resource temporarily unavailable
OpenBLAS blas_thread_init: ensure that your address space and process count limits are big enough (ulimit -a)
OpenBLAS blas_thread_init: or set a smaller OPENBLAS_NUM_THREADS to fit into what you have available
OpenBLAS blas_thread_init: RLIMIT_NPROC 2400 current, 25000000 max
OpenBLAS blas_thread_init: pthread_create failed for thread 21 of 56: Resource temporarily unavailable
OpenBLAS blas_thread_init: ensure that your address space and process count limits are big enough (ulimit -a)
OpenBLAS blas_thread_init: or set a smaller OPENBLAS_NUM_THREADS to fit into what you have available
OpenBLAS blas_thread_init: RLIMIT_NPROC 2400 current, 25000000 max
OpenBLAS blas_thread_init: pthread_create failed for thread 22 of 56: Resource temporarily unavailable
OpenBLAS blas_thread_init: ensure that your address space and process count limits are big enough (ulimit -a)
OpenBLAS blas_thread_init: or set a smaller OPENBLAS_NUM_THREADS to fit into what you have available
OpenBLAS blas_thread_init: RLIMIT_NPROC 2400 current, 25000000 max
OpenBLAS blas_thread_init: pthread_create failed for thread 23 of 56: Resource temporarily unavailable
OpenBLAS blas_thread_init: ensure that your address space and process count limits are big enough (ulimit -a)
OpenBLAS blas_thread_init: or set a smaller OPENBLAS_NUM_THREADS to fit into what you have available
OpenBLAS blas_thread_init: RLIMIT_NPROC 2400 current, 25000000 max
OpenBLAS blas_thread_init: pthread_create failed for thread 24 of 56: Resource temporarily unavailable
OpenBLAS blas_thread_init: ensure that your address space and process count limits are big enough (ulimit -a)
OpenBLAS blas_thread_init: or set a smaller OPENBLAS_NUM_THREADS to fit into what you have available
OpenBLAS blas_thread_init: RLIMIT_NPROC 2400 current, 25000000 max
OpenBLAS blas_thread_init: pthread_create failed for thread 25 of 56: Resource temporarily unavailable
OpenBLAS blas_thread_init: ensure that your address space and process count limits are big enough (ulimit -a)
OpenBLAS blas_thread_init: or set a smaller OPENBLAS_NUM_THREADS to fit into what you have available
OpenBLAS blas_thread_init: RLIMIT_NPROC 2400 current, 25000000 max
OpenBLAS blas_thread_init: pthread_create failed for thread 26 of 56: Resource temporarily unavailable
OpenBLAS blas_thread_init: ensure that your address space and process count limits are big enough (ulimit -a)
OpenBLAS blas_thread_init: or set a smaller OPENBLAS_NUM_THREADS to fit into what you have available
OpenBLAS blas_thread_init: RLIMIT_NPROC 2400 current, 25000000 max
OpenBLAS blas_thread_init: pthread_create failed for thread 27 of 56: Resource temporarily unavailable
OpenBLAS blas_thread_init: ensure that your address space and process count limits are big enough (ulimit -a)
OpenBLAS blas_thread_init: or set a smaller OPENBLAS_NUM_THREADS to fit into what you have available
OpenBLAS blas_thread_init: RLIMIT_NPROC 2400 current, 25000000 max
OpenBLAS blas_thread_init: pthread_create failed for thread 28 of 56: Resource temporarily unavailable
OpenBLAS blas_thread_init: ensure that your address space and process count limits are big enough (ulimit -a)
OpenBLAS blas_thread_init: or set a smaller OPENBLAS_NUM_THREADS to fit into what you have available
OpenBLAS blas_thread_init: RLIMIT_NPROC 2400 current, 25000000 max
OpenBLAS blas_thread_init: pthread_create failed for thread 29 of 56: Resource temporarily unavailable
OpenBLAS blas_thread_init: ensure that your address space and process count limits are big enough (ulimit -a)
OpenBLAS blas_thread_init: or set a smaller OPENBLAS_NUM_THREADS to fit into what you have available
OpenBLAS blas_thread_init: RLIMIT_NPROC 2400 current, 25000000 max
OpenBLAS blas_thread_init: pthread_create failed for thread 30 of 56: Resource temporarily unavailable
OpenBLAS blas_thread_init: ensure that your address space and process count limits are big enough (ulimit -a)
OpenBLAS blas_thread_init: or set a smaller OPENBLAS_NUM_THREADS to fit into what you have available
OpenBLAS blas_thread_init: RLIMIT_NPROC 2400 current, 25000000 max
OpenBLAS blas_thread_init: pthread_create failed for thread 31 of 56: Resource temporarily unavailable
OpenBLAS blas_thread_init: ensure that your address space and process count limits are big enough (ulimit -a)
OpenBLAS blas_thread_init: or set a smaller OPENBLAS_NUM_THREADS to fit into what you have available
OpenBLAS blas_thread_init: RLIMIT_NPROC 2400 current, 25000000 max
OpenBLAS blas_thread_init: pthread_create failed for thread 32 of 56: Resource temporarily unavailable
OpenBLAS blas_thread_init: ensure that your address space and process count limits are big enough (ulimit -a)
OpenBLAS blas_thread_init: or set a smaller OPENBLAS_NUM_THREADS to fit into what you have available
OpenBLAS blas_thread_init: RLIMIT_NPROC 2400 current, 25000000 max
OpenBLAS blas_thread_init: pthread_create failed for thread 33 of 56: Resource temporarily unavailable
OpenBLAS blas_thread_init: ensure that your address space and process count limits are big enough (ulimit -a)
OpenBLAS blas_thread_init: or set a smaller OPENBLAS_NUM_THREADS to fit into what you have available
OpenBLAS blas_thread_init: RLIMIT_NPROC 2400 current, 25000000 max
OpenBLAS blas_thread_init: pthread_create failed for thread 34 of 56: Resource temporarily unavailable
OpenBLAS blas_thread_init: ensure that your address space and process count limits are big enough (ulimit -a)
OpenBLAS blas_thread_init: or set a smaller OPENBLAS_NUM_THREADS to fit into what you have available
OpenBLAS blas_thread_init: RLIMIT_NPROC 2400 current, 25000000 max
OpenBLAS blas_thread_init: pthread_create failed for thread 35 of 56: Resource temporarily unavailable
OpenBLAS blas_thread_init: ensure that your address space and process count limits are big enough (ulimit -a)
OpenBLAS blas_thread_init: or set a smaller OPENBLAS_NUM_THREADS to fit into what you have available
OpenBLAS blas_thread_init: RLIMIT_NPROC 2400 current, 25000000 max
OpenBLAS blas_thread_init: pthread_create failed for thread 36 of 56: Resource temporarily unavailable
OpenBLAS blas_thread_init: ensure that your address space and process count limits are big enough (ulimit -a)
OpenBLAS blas_thread_init: or set a smaller OPENBLAS_NUM_THREADS to fit into what you have available
OpenBLAS blas_thread_init: RLIMIT_NPROC 2400 current, 25000000 max
OpenBLAS blas_thread_init: pthread_create failed for thread 37 of 56: Resource temporarily unavailable
OpenBLAS blas_thread_init: ensure that your address space and process count limits are big enough (ulimit -a)
OpenBLAS blas_thread_init: or set a smaller OPENBLAS_NUM_THREADS to fit into what you have available
OpenBLAS blas_thread_init: RLIMIT_NPROC 2400 current, 25000000 max
OpenBLAS blas_thread_init: pthread_create failed for thread 38 of 56: Resource temporarily unavailable
OpenBLAS blas_thread_init: ensure that your address space and process count limits are big enough (ulimit -a)
OpenBLAS blas_thread_init: or set a smaller OPENBLAS_NUM_THREADS to fit into what you have available
OpenBLAS blas_thread_init: RLIMIT_NPROC 2400 current, 25000000 max
OpenBLAS blas_thread_init: pthread_create failed for thread 39 of 56: Resource temporarily unavailable
OpenBLAS blas_thread_init: ensure that your address space and process count limits are big enough (ulimit -a)
OpenBLAS blas_thread_init: or set a smaller OPENBLAS_NUM_THREADS to fit into what you have available
OpenBLAS blas_thread_init: RLIMIT_NPROC 2400 current, 25000000 max
OpenBLAS blas_thread_init: pthread_create failed for thread 40 of 56: Resource temporarily unavailable
OpenBLAS blas_thread_init: ensure that your address space and process count limits are big enough (ulimit -a)
OpenBLAS blas_thread_init: or set a smaller OPENBLAS_NUM_THREADS to fit into what you have available
OpenBLAS blas_thread_init: RLIMIT_NPROC 2400 current, 25000000 max
OpenBLAS blas_thread_init: pthread_create failed for thread 41 of 56: Resource temporarily unavailable
OpenBLAS blas_thread_init: ensure that your address space and process count limits are big enough (ulimit -a)
OpenBLAS blas_thread_init: or set a smaller OPENBLAS_NUM_THREADS to fit into what you have available
OpenBLAS blas_thread_init: RLIMIT_NPROC 2400 current, 25000000 max
OpenBLAS blas_thread_init: pthread_create failed for thread 42 of 56: Resource temporarily unavailable
OpenBLAS blas_thread_init: ensure that your address space and process count limits are big enough (ulimit -a)
OpenBLAS blas_thread_init: or set a smaller OPENBLAS_NUM_THREADS to fit into what you have available
OpenBLAS blas_thread_init: RLIMIT_NPROC 2400 current, 25000000 max
OpenBLAS blas_thread_init: pthread_create failed for thread 43 of 56: Resource temporarily unavailable
OpenBLAS blas_thread_init: ensure that your address space and process count limits are big enough (ulimit -a)
OpenBLAS blas_thread_init: or set a smaller OPENBLAS_NUM_THREADS to fit into what you have available
OpenBLAS blas_thread_init: RLIMIT_NPROC 2400 current, 25000000 max
OpenBLAS blas_thread_init: pthread_create failed for thread 44 of 56: Resource temporarily unavailable
OpenBLAS blas_thread_init: ensure that your address space and process count limits are big enough (ulimit -a)
OpenBLAS blas_thread_init: or set a smaller OPENBLAS_NUM_THREADS to fit into what you have available
OpenBLAS blas_thread_init: RLIMIT_NPROC 2400 current, 25000000 max
OpenBLAS blas_thread_init: pthread_create failed for thread 45 of 56: Resource temporarily unavailable
OpenBLAS blas_thread_init: ensure that your address space and process count limits are big enough (ulimit -a)
OpenBLAS blas_thread_init: or set a smaller OPENBLAS_NUM_THREADS to fit into what you have available
OpenBLAS blas_thread_init: RLIMIT_NPROC 2400 current, 25000000 max
OpenBLAS blas_thread_init: pthread_create failed for thread 46 of 56: Resource temporarily unavailable
OpenBLAS blas_thread_init: ensure that your address space and process count limits are big enough (ulimit -a)
OpenBLAS blas_thread_init: or set a smaller OPENBLAS_NUM_THREADS to fit into what you have available
OpenBLAS blas_thread_init: RLIMIT_NPROC 2400 current, 25000000 max
OpenBLAS blas_thread_init: pthread_create failed for thread 47 of 56: Resource temporarily unavailable
OpenBLAS blas_thread_init: ensure that your address space and process count limits are big enough (ulimit -a)
OpenBLAS blas_thread_init: or set a smaller OPENBLAS_NUM_THREADS to fit into what you have available
OpenBLAS blas_thread_init: RLIMIT_NPROC 2400 current, 25000000 max
OpenBLAS blas_thread_init: pthread_create failed for thread 48 of 56: Resource temporarily unavailable
OpenBLAS blas_thread_init: ensure that your address space and process count limits are big enough (ulimit -a)
OpenBLAS blas_thread_init: or set a smaller OPENBLAS_NUM_THREADS to fit into what you have available
OpenBLAS blas_thread_init: RLIMIT_NPROC 2400 current, 25000000 max
OpenBLAS blas_thread_init: pthread_create failed for thread 49 of 56: Resource temporarily unavailable
OpenBLAS blas_thread_init: ensure that your address space and process count limits are big enough (ulimit -a)
OpenBLAS blas_thread_init: or set a smaller OPENBLAS_NUM_THREADS to fit into what you have available
OpenBLAS blas_thread_init: RLIMIT_NPROC 2400 current, 25000000 max
OpenBLAS blas_thread_init: pthread_create failed for thread 50 of 56: Resource temporarily unavailable
OpenBLAS blas_thread_init: ensure that your address space and process count limits are big enough (ulimit -a)
OpenBLAS blas_thread_init: or set a smaller OPENBLAS_NUM_THREADS to fit into what you have available
OpenBLAS blas_thread_init: RLIMIT_NPROC 2400 current, 25000000 max
OpenBLAS blas_thread_init: pthread_create failed for thread 51 of 56: Resource temporarily unavailable
OpenBLAS blas_thread_init: ensure that your address space and process count limits are big enough (ulimit -a)
OpenBLAS blas_thread_init: or set a smaller OPENBLAS_NUM_THREADS to fit into what you have available
OpenBLAS blas_thread_init: RLIMIT_NPROC 2400 current, 25000000 max
OpenBLAS blas_thread_init: pthread_create failed for thread 52 of 56: Resource temporarily unavailable
OpenBLAS blas_thread_init: ensure that your address space and process count limits are big enough (ulimit -a)
OpenBLAS blas_thread_init: or set a smaller OPENBLAS_NUM_THREADS to fit into what you have available
OpenBLAS blas_thread_init: RLIMIT_NPROC 2400 current, 25000000 max
OpenBLAS blas_thread_init: pthread_create failed for thread 53 of 56: Resource temporarily unavailable
OpenBLAS blas_thread_init: ensure that your address space and process count limits are big enough (ulimit -a)
OpenBLAS blas_thread_init: or set a smaller OPENBLAS_NUM_THREADS to fit into what you have available
OpenBLAS blas_thread_init: RLIMIT_NPROC 2400 current, 25000000 max
OpenBLAS blas_thread_init: pthread_create failed for thread 54 of 56: Resource temporarily unavailable
OpenBLAS blas_thread_init: ensure that your address space and process count limits are big enough (ulimit -a)
OpenBLAS blas_thread_init: or set a smaller OPENBLAS_NUM_THREADS to fit into what you have available
OpenBLAS blas_thread_init: RLIMIT_NPROC 2400 current, 25000000 max
OpenBLAS blas_thread_init: pthread_create failed for thread 55 of 56: Resource temporarily unavailable
OpenBLAS blas_thread_init: ensure that your address space and process count limits are big enough (ulimit -a)
OpenBLAS blas_thread_init: or set a smaller OPENBLAS_NUM_THREADS to fit into what you have available
OpenBLAS blas_thread_init: RLIMIT_NPROC 2400 current, 25000000 max
Traceback (most recent call last):
  File "/home/getpetco/Inwently/passenger_wsgi.py", line 1, in <module>
    from biller.wsgi import application
  File "/home/getpetco/Inwently/biller/wsgi.py", line 16, in <module>
    application = get_wsgi_application()
                  ^^^^^^^^^^^^^^^^^^^^^^
  File "/home/getpetco/virtualenv/Inwently/3.12/lib/python3.12/site-packages/django/core/wsgi.py", line 13, in get_wsgi_application
    return WSGIHandler()
           ^^^^^^^^^^^^^
  File "/home/getpetco/virtualenv/Inwently/3.12/lib/python3.12/site-packages/django/core/handlers/wsgi.py", line 118, in __init__
    self.load_middleware()
  File "/home/getpetco/virtualenv/Inwently/3.12/lib/python3.12/site-packages/django/core/handlers/base.py", line 40, in load_middleware
    middleware = import_string(middleware_path)
                 ^^^^^^^^^^^^^^^^^^^^^^^^^^^^^^
  File "/home/getpetco/virtualenv/Inwently/3.12/lib/python3.12/site-packages/django/utils/module_loading.py", line 30, in import_string
    return cached_import(module_path, class_name)
           ^^^^^^^^^^^^^^^^^^^^^^^^^^^^^^^^^^^^^^
  File "/home/getpetco/virtualenv/Inwently/3.12/lib/python3.12/site-packages/django/utils/module_loading.py", line 15, in cached_import
    module = import_module(module_path)
             ^^^^^^^^^^^^^^^^^^^^^^^^^^
  File "/opt/alt/python312/lib64/python3.12/importlib/__init__.py", line 90, in import_module
    return _bootstrap._gcd_import(name[level:], package, level)
           ^^^^^^^^^^^^^^^^^^^^^^^^^^^^^^^^^^^^^^^^^^^^^^^^^^^^
  File "/home/getpetco/Inwently/biller_apps/auth/middleware.py", line 13, in <module>
    from biller_apps.auth.utils import AuthUtils
  File "/home/getpetco/Inwently/biller_apps/auth/utils.py", line 3, in <module>
    import pandas
  File "/home/getpetco/virtualenv/Inwently/3.12/lib64/python3.12/site-packages/pandas/__init__.py", line 14, in <module>
    __import__(_dependency)
  File "/home/getpetco/virtualenv/Inwently/3.12/lib64/python3.12/site-packages/numpy/__init__.py", line 112, in <module>
    from numpy.__config__ import show_config
  File "/home/getpetco/virtualenv/Inwently/3.12/lib64/python3.12/site-packages/numpy/__config__.py", line 4, in <module>
    from numpy._core._multiarray_umath import (
  File "/home/getpetco/virtualenv/Inwently/3.12/lib64/python3.12/site-packages/numpy/_core/__init__.py", line 22, in <module>
    from . import multiarray
  File "/home/getpetco/virtualenv/Inwently/3.12/lib64/python3.12/site-packages/numpy/_core/multiarray.py", line 11, in <module>
    from . import _multiarray_umath, overrides
  File "<frozen importlib._bootstrap>", line 1349, in _find_and_load
KeyboardInterrupt
